MPI MATRIX MULTIPLICATION

Total processes: 2

Size 200x200
Generating matrices...
Multiplying... (processes: 2)
  Time: 0.042073 sec

Size 400x400
Generating matrices...
Multiplying... (processes: 2)
  Time: 0.347705 sec

Size 800x800
Generating matrices...
Multiplying... (processes: 2)
  Time: 2.84663 sec

Size 1200x1200
Generating matrices...
Multiplying... (processes: 2)
  Time: 8.67643 sec

Size 1600x1600
Generating matrices...
Multiplying... (processes: 2)
  Time: 29.1631 sec

Size 2000x2000
Generating matrices...
Multiplying... (processes: 2)
  Time: 56.2636 sec


ALL EXPERIMENTS COMPLETED
