MPI MATRIX MULTIPLICATION

Total processes: 10

Size 200x200
Generating matrices...
Multiplying... (processes: 10)
  Time: 0.00904799 sec

Size 400x400
Generating matrices...
Multiplying... (processes: 10)
  Time: 0.071928 sec

Size 800x800
Generating matrices...
Multiplying... (processes: 10)
  Time: 0.790208 sec

Size 1200x1200
Generating matrices...
Multiplying... (processes: 10)
  Time: 2.39055 sec

Size 1600x1600
Generating matrices...
Multiplying... (processes: 10)
  Time: 6.18601 sec

Size 2000x2000
Generating matrices...
Multiplying... (processes: 10)
  Time: 11.654 sec


ALL EXPERIMENTS COMPLETED
